First line: Overwritten content!
Second line: Appended content!
Third line: Appended again!
